[     161ms] [ERROR] Failed to load resource: the server responded with a status of 404 (File not found) @ http://localhost:8934/assets/img003.png:0
[     162ms] [ERROR] Failed to load resource: the server responded with a status of 404 (File not found) @ http://localhost:8934/assets/img004.png:0
[     173ms] [ERROR] Failed to load resource: the server responded with a status of 404 (File not found) @ http://localhost:8934/assets/img005.png:0
[     173ms] [ERROR] Failed to load resource: the server responded with a status of 404 (File not found) @ http://localhost:8934/assets/img010.png:0
[     173ms] [ERROR] Failed to load resource: the server responded with a status of 404 (File not found) @ http://localhost:8934/assets/img011.png:0
[     174ms] [ERROR] Failed to load resource: the server responded with a status of 404 (File not found) @ http://localhost:8934/assets/img012.png:0
[     175ms] [ERROR] Failed to load resource: the server responded with a status of 404 (File not found) @ http://localhost:8934/assets/img013.png:0
[     180ms] [ERROR] Failed to load resource: the server responded with a status of 404 (File not found) @ http://localhost:8934/assets/img015.jpg:0
[     180ms] [ERROR] Failed to load resource: the server responded with a status of 404 (File not found) @ http://localhost:8934/assets/img017.png:0
[     180ms] [ERROR] Failed to load resource: the server responded with a status of 404 (File not found) @ http://localhost:8934/assets/img016.png:0
[     181ms] [ERROR] Failed to load resource: the server responded with a status of 404 (File not found) @ http://localhost:8934/assets/img018.png:0
[     182ms] [ERROR] Failed to load resource: the server responded with a status of 404 (File not found) @ http://localhost:8934/assets/img019.png:0
[     182ms] [ERROR] Failed to load resource: the server responded with a status of 404 (File not found) @ http://localhost:8934/assets/ai-ml-dl-genai.png:0
[     183ms] [ERROR] Failed to load resource: the server responded with a status of 404 (File not found) @ http://localhost:8934/assets/img020.png:0
[     183ms] [ERROR] Failed to load resource: the server responded with a status of 404 (File not found) @ http://localhost:8934/assets/img021.jpeg:0
[     184ms] [ERROR] Failed to load resource: the server responded with a status of 404 (File not found) @ http://localhost:8934/assets/img022.png:0
[     184ms] [ERROR] Failed to load resource: the server responded with a status of 404 (File not found) @ http://localhost:8934/assets/img023.png:0
[     185ms] [ERROR] Failed to load resource: the server responded with a status of 404 (File not found) @ http://localhost:8934/assets/img024.png:0
[     185ms] [ERROR] Failed to load resource: the server responded with a status of 404 (File not found) @ http://localhost:8934/assets/img029.png:0
[     187ms] [ERROR] Failed to load resource: the server responded with a status of 404 (File not found) @ http://localhost:8934/assets/img060.png:0
[     187ms] [ERROR] Failed to load resource: the server responded with a status of 404 (File not found) @ http://localhost:8934/assets/img061.png:0
[     188ms] [ERROR] Failed to load resource: the server responded with a status of 404 (File not found) @ http://localhost:8934/assets/img065.png:0
[     189ms] [ERROR] Failed to load resource: the server responded with a status of 404 (File not found) @ http://localhost:8934/assets/img066.png:0
[     189ms] [ERROR] Failed to load resource: the server responded with a status of 404 (File not found) @ http://localhost:8934/assets/img071.png:0
[     190ms] [ERROR] Failed to load resource: the server responded with a status of 404 (File not found) @ http://localhost:8934/assets/img073.png:0
[     190ms] [ERROR] Failed to load resource: the server responded with a status of 404 (File not found) @ http://localhost:8934/assets/img072.png:0
[     190ms] [ERROR] Failed to load resource: the server responded with a status of 404 (File not found) @ http://localhost:8934/assets/img083.png:0
[     191ms] [ERROR] Failed to load resource: the server responded with a status of 404 (File not found) @ http://localhost:8934/assets/img084.png:0
[     191ms] [ERROR] Failed to load resource: the server responded with a status of 404 (File not found) @ http://localhost:8934/assets/img085.png:0
[     193ms] [ERROR] Failed to load resource: the server responded with a status of 404 (File not found) @ http://localhost:8934/assets/img086.png:0
[     193ms] [ERROR] Failed to load resource: the server responded with a status of 404 (File not found) @ http://localhost:8934/assets/img087.png:0
[     194ms] [ERROR] Failed to load resource: the server responded with a status of 404 (File not found) @ http://localhost:8934/assets/img089.png:0
[     195ms] [ERROR] Failed to load resource: the server responded with a status of 404 (File not found) @ http://localhost:8934/assets/img092.png:0
[     195ms] [ERROR] Failed to load resource: the server responded with a status of 404 (File not found) @ http://localhost:8934/assets/img090.png:0
[     195ms] [ERROR] Failed to load resource: the server responded with a status of 404 (File not found) @ http://localhost:8934/assets/img093.png:0
[     197ms] [ERROR] Failed to load resource: the server responded with a status of 404 (File not found) @ http://localhost:8934/assets/img094.png:0
[     197ms] [ERROR] Failed to load resource: the server responded with a status of 404 (File not found) @ http://localhost:8934/assets/img088.png:0
[     198ms] [ERROR] Failed to load resource: the server responded with a status of 404 (File not found) @ http://localhost:8934/assets/img097.jpg:0
[     199ms] [ERROR] Failed to load resource: the server responded with a status of 404 (File not found) @ http://localhost:8934/assets/img096.png:0
[     199ms] [ERROR] Failed to load resource: the server responded with a status of 404 (File not found) @ http://localhost:8934/assets/img095.jpg:0
[     200ms] [ERROR] Failed to load resource: the server responded with a status of 404 (File not found) @ http://localhost:8934/assets/img098.png:0
[     200ms] [ERROR] Failed to load resource: the server responded with a status of 404 (File not found) @ http://localhost:8934/assets/img077.png:0
[     201ms] [ERROR] Failed to load resource: the server responded with a status of 404 (File not found) @ http://localhost:8934/assets/img076.png:0
[     201ms] [ERROR] Failed to load resource: the server responded with a status of 404 (File not found) @ http://localhost:8934/assets/img100.png:0
[     202ms] [ERROR] Failed to load resource: the server responded with a status of 404 (File not found) @ http://localhost:8934/assets/img109.png:0
[     202ms] [ERROR] Failed to load resource: the server responded with a status of 404 (File not found) @ http://localhost:8934/assets/img079.png:0
[     203ms] [ERROR] Failed to load resource: the server responded with a status of 404 (File not found) @ http://localhost:8934/assets/img078.png:0
[     204ms] [ERROR] Failed to load resource: the server responded with a status of 404 (File not found) @ http://localhost:8934/assets/img080.png:0
[     205ms] [ERROR] Failed to load resource: the server responded with a status of 404 (File not found) @ http://localhost:8934/assets/img102.png:0
[     206ms] [ERROR] Failed to load resource: the server responded with a status of 404 (File not found) @ http://localhost:8934/assets/img104.png:0
[     206ms] [ERROR] Failed to load resource: the server responded with a status of 404 (File not found) @ http://localhost:8934/assets/img105.png:0
[     207ms] [ERROR] Failed to load resource: the server responded with a status of 404 (File not found) @ http://localhost:8934/assets/img106.png:0
[     207ms] [ERROR] Failed to load resource: the server responded with a status of 404 (File not found) @ http://localhost:8934/assets/img110.png:0
[     363ms] [ERROR] Failed to load resource: the server responded with a status of 404 (File not found) @ http://localhost:8934/assets/img009.png:0
[     585ms] [ERROR] Failed to load resource: the server responded with a status of 404 (File not found) @ http://localhost:8934/favicon.ico:0
[     592ms] [WARNING] <meta name="apple-mobile-web-app-capable" content="yes"> is deprecated. Please include <meta name="mobile-web-app-capable" content="yes"> @ http://localhost:8934/slide.html:0
[     603ms] [VERBOSE] Rendering was performed in a subtree hidden by content-visibility. @ :3393
[     604ms] [VERBOSE] Rendering was performed in a subtree hidden by content-visibility. @ :3393
[     605ms] [VERBOSE] Rendering was performed in a subtree hidden by content-visibility. @ :3393
[     605ms] [VERBOSE] Rendering was performed in a subtree hidden by content-visibility. @ :3393
[     605ms] [VERBOSE] Rendering was performed in a subtree hidden by content-visibility. @ :3393
[     605ms] [VERBOSE] Rendering was performed in a subtree hidden by content-visibility. @ :3393
[     606ms] [VERBOSE] Rendering was performed in a subtree hidden by content-visibility. @ :3393
[     606ms] [VERBOSE] Rendering was performed in a subtree hidden by content-visibility. @ :3393
[     607ms] [VERBOSE] Rendering was performed in a subtree hidden by content-visibility. @ :3393
[     607ms] [VERBOSE] Rendering was performed in a subtree hidden by content-visibility. @ :3393
[     607ms] [VERBOSE] Rendering was performed in a subtree hidden by content-visibility. @ :3393
[     608ms] [VERBOSE] Rendering was performed in a subtree hidden by content-visibility. @ :3393
[     608ms] [VERBOSE] Rendering was performed in a subtree hidden by content-visibility. @ :3393
[     608ms] [VERBOSE] Rendering was performed in a subtree hidden by content-visibility. @ :3393
[     609ms] [VERBOSE] Rendering was performed in a subtree hidden by content-visibility. @ :3393
[     609ms] [VERBOSE] Rendering was performed in a subtree hidden by content-visibility. @ :3393
[     609ms] [VERBOSE] Rendering was performed in a subtree hidden by content-visibility. @ :3393
[     609ms] [VERBOSE] Rendering was performed in a subtree hidden by content-visibility. @ :3393
[     609ms] [VERBOSE] Rendering was performed in a subtree hidden by content-visibility. @ :3393
[     609ms] [VERBOSE] Rendering was performed in a subtree hidden by content-visibility. @ :3393
[     609ms] [VERBOSE] Rendering was performed in a subtree hidden by content-visibility. @ :3393
[     609ms] [VERBOSE] Rendering was performed in a subtree hidden by content-visibility. @ :3393
[     610ms] [VERBOSE] Rendering was performed in a subtree hidden by content-visibility. @ :3393
[     610ms] [VERBOSE] Rendering was performed in a subtree hidden by content-visibility. @ :3393
[     610ms] [VERBOSE] Rendering was performed in a subtree hidden by content-visibility. @ :3393
[     610ms] [VERBOSE] Rendering was performed in a subtree hidden by content-visibility. @ :3393
[     610ms] [VERBOSE] Rendering was performed in a subtree hidden by content-visibility. @ :3393
[     610ms] [VERBOSE] Rendering was performed in a subtree hidden by content-visibility. @ :3393
[     611ms] [VERBOSE] Rendering was performed in a subtree hidden by content-visibility. @ :3393
[     611ms] [VERBOSE] Rendering was performed in a subtree hidden by content-visibility. @ :3393
[     611ms] [VERBOSE] Rendering was performed in a subtree hidden by content-visibility. @ :3393
[     611ms] [VERBOSE] Rendering was performed in a subtree hidden by content-visibility. @ :3393
[     611ms] [VERBOSE] Rendering was performed in a subtree hidden by content-visibility. @ :3393
[     611ms] [VERBOSE] Rendering was performed in a subtree hidden by content-visibility. @ :3393
[     612ms] [VERBOSE] Rendering was performed in a subtree hidden by content-visibility. @ :3393
[     612ms] [VERBOSE] Rendering was performed in a subtree hidden by content-visibility. @ :3393
[     612ms] [VERBOSE] Rendering was performed in a subtree hidden by content-visibility. @ :3393
[     612ms] [VERBOSE] Rendering was performed in a subtree hidden by content-visibility. @ :3393
[     612ms] [VERBOSE] Rendering was performed in a subtree hidden by content-visibility. @ :3393
[     612ms] [VERBOSE] Rendering was performed in a subtree hidden by content-visibility. @ :3393
[     613ms] [VERBOSE] Rendering was performed in a subtree hidden by content-visibility. @ :3393
[     613ms] [VERBOSE] Rendering was performed in a subtree hidden by content-visibility. @ :3393
[     613ms] [VERBOSE] Rendering was performed in a subtree hidden by content-visibility. @ :3393
[     613ms] [VERBOSE] Rendering was performed in a subtree hidden by content-visibility. @ :3393
[     613ms] [VERBOSE] Rendering was performed in a subtree hidden by content-visibility. @ :3393
[     613ms] [VERBOSE] Rendering was performed in a subtree hidden by content-visibility. @ :3393
[     613ms] [VERBOSE] Rendering was performed in a subtree hidden by content-visibility. @ :3393
[     613ms] [VERBOSE] Rendering was performed in a subtree hidden by content-visibility. @ :3393
[     613ms] [VERBOSE] Rendering was performed in a subtree hidden by content-visibility. @ :3393
[     614ms] [VERBOSE] Rendering was performed in a subtree hidden by content-visibility. @ :3393
[     614ms] [VERBOSE] Rendering was performed in a subtree hidden by content-visibility. @ :3393
[     614ms] [VERBOSE] Rendering was performed in a subtree hidden by content-visibility. @ :3393
[     615ms] [VERBOSE] Rendering was performed in a subtree hidden by content-visibility. @ :3393
[     615ms] [VERBOSE] Rendering was performed in a subtree hidden by content-visibility. @ :3393
[     615ms] [VERBOSE] Rendering was performed in a subtree hidden by content-visibility. @ :3393
[     615ms] [VERBOSE] Rendering was performed in a subtree hidden by content-visibility. @ :3393
[     615ms] [VERBOSE] Rendering was performed in a subtree hidden by content-visibility. @ :3393
[     615ms] [VERBOSE] Rendering was performed in a subtree hidden by content-visibility. @ :3393
[     616ms] [VERBOSE] Rendering was performed in a subtree hidden by content-visibility. @ :3393
[     616ms] [VERBOSE] Rendering was performed in a subtree hidden by content-visibility. @ :3393
[     616ms] [VERBOSE] Rendering was performed in a subtree hidden by content-visibility. @ :3393
[     616ms] [VERBOSE] Rendering was performed in a subtree hidden by content-visibility. @ :3393
[     616ms] [VERBOSE] Rendering was performed in a subtree hidden by content-visibility. @ :3393
[     617ms] [VERBOSE] Rendering was performed in a subtree hidden by content-visibility. @ :3393
[     617ms] [VERBOSE] Rendering was performed in a subtree hidden by content-visibility. @ :3393
[     617ms] [VERBOSE] Rendering was performed in a subtree hidden by content-visibility. @ :3393
[     617ms] [VERBOSE] Rendering was performed in a subtree hidden by content-visibility. @ :3393
[     617ms] [VERBOSE] Rendering was performed in a subtree hidden by content-visibility. @ :3393
[     617ms] [VERBOSE] Rendering was performed in a subtree hidden by content-visibility. @ :3393
[     617ms] [VERBOSE] Rendering was performed in a subtree hidden by content-visibility. @ :3393
[     619ms] [VERBOSE] Rendering was performed in a subtree hidden by content-visibility. @ :3393
[     619ms] [VERBOSE] Rendering was performed in a subtree hidden by content-visibility. @ :3393
[     620ms] [VERBOSE] Rendering was performed in a subtree hidden by content-visibility. @ :3393
[     620ms] [VERBOSE] Rendering was performed in a subtree hidden by content-visibility. @ :3393
[     620ms] [VERBOSE] Rendering was performed in a subtree hidden by content-visibility. @ :3393
[     620ms] [VERBOSE] Rendering was performed in a subtree hidden by content-visibility. @ :3393
[     621ms] [VERBOSE] Rendering was performed in a subtree hidden by content-visibility. @ :3393
[     621ms] [VERBOSE] Rendering was performed in a subtree hidden by content-visibility. @ :3393
[     621ms] [VERBOSE] Rendering was performed in a subtree hidden by content-visibility. @ :3393
[     621ms] [VERBOSE] Rendering was performed in a subtree hidden by content-visibility. @ :3393
[     621ms] [VERBOSE] Rendering was performed in a subtree hidden by content-visibility. @ :3393
[     621ms] [VERBOSE] Rendering was performed in a subtree hidden by content-visibility. @ :3393
[     622ms] [VERBOSE] Rendering was performed in a subtree hidden by content-visibility. @ :3393
[     622ms] [VERBOSE] Rendering was performed in a subtree hidden by content-visibility. @ :3393
[     622ms] [VERBOSE] Rendering was performed in a subtree hidden by content-visibility. @ :3393
[     622ms] [VERBOSE] Rendering was performed in a subtree hidden by content-visibility. @ :3393
[     623ms] [VERBOSE] Rendering was performed in a subtree hidden by content-visibility. @ :3393
[     623ms] [VERBOSE] Rendering was performed in a subtree hidden by content-visibility. @ :3393
[     623ms] [VERBOSE] Rendering was performed in a subtree hidden by content-visibility. @ :3393
[     623ms] [VERBOSE] Rendering was performed in a subtree hidden by content-visibility. @ :3393
[     623ms] [VERBOSE] Rendering was performed in a subtree hidden by content-visibility. @ :3393
[     623ms] [VERBOSE] Rendering was performed in a subtree hidden by content-visibility. @ :3393
[     624ms] [VERBOSE] Rendering was performed in a subtree hidden by content-visibility. @ :3393
[     624ms] [VERBOSE] Rendering was performed in a subtree hidden by content-visibility. @ :3393
[     624ms] [VERBOSE] Rendering was performed in a subtree hidden by content-visibility. @ :3393
[     624ms] [VERBOSE] Rendering was performed in a subtree hidden by content-visibility. @ :3393
[     624ms] [VERBOSE] Rendering was performed in a subtree hidden by content-visibility. @ :3393
[     624ms] [VERBOSE] Rendering was performed in a subtree hidden by content-visibility. @ :3393
[     625ms] [VERBOSE] Rendering was performed in a subtree hidden by content-visibility. @ :3393
[     625ms] [VERBOSE] Rendering was performed in a subtree hidden by content-visibility. @ :3393
[     625ms] [VERBOSE] Rendering was performed in a subtree hidden by content-visibility. @ :3393
[     625ms] [VERBOSE] Rendering was performed in a subtree hidden by content-visibility. @ :3393
[     625ms] [VERBOSE] Rendering was performed in a subtree hidden by content-visibility. @ :3393
[     625ms] [VERBOSE] Rendering was performed in a subtree hidden by content-visibility. @ :3393
[     625ms] [VERBOSE] Rendering was performed in a subtree hidden by content-visibility. @ :3393
[     626ms] [VERBOSE] Rendering was performed in a subtree hidden by content-visibility. @ :3393
[     626ms] [VERBOSE] Rendering was performed in a subtree hidden by content-visibility. @ :3393
[     626ms] [VERBOSE] Rendering was performed in a subtree hidden by content-visibility. @ :3393
[     626ms] [VERBOSE] Rendering was performed in a subtree hidden by content-visibility. @ :3393
[     626ms] [VERBOSE] Rendering was performed in a subtree hidden by content-visibility. @ :3393
[     626ms] [VERBOSE] Rendering was performed in a subtree hidden by content-visibility. @ :3393
[     626ms] [VERBOSE] Rendering was performed in a subtree hidden by content-visibility. @ :3393
[     627ms] [VERBOSE] Rendering was performed in a subtree hidden by content-visibility. @ :3393
[     627ms] [VERBOSE] Rendering was performed in a subtree hidden by content-visibility. @ :3393
[     627ms] [VERBOSE] Rendering was performed in a subtree hidden by content-visibility. @ :3393
[     627ms] [VERBOSE] Rendering was performed in a subtree hidden by content-visibility. @ :3393
[     627ms] [VERBOSE] Rendering was performed in a subtree hidden by content-visibility. @ :3393
[     627ms] [VERBOSE] Rendering was performed in a subtree hidden by content-visibility. @ :3393
[     627ms] [VERBOSE] Rendering was performed in a subtree hidden by content-visibility. @ :3393
[     627ms] [VERBOSE] Rendering was performed in a subtree hidden by content-visibility. @ :3393
[     627ms] [VERBOSE] Rendering was performed in a subtree hidden by content-visibility. @ :3393
[     628ms] [VERBOSE] Rendering was performed in a subtree hidden by content-visibility. @ :3393
[     628ms] [VERBOSE] Rendering was performed in a subtree hidden by content-visibility. @ :3393
[     628ms] [VERBOSE] Rendering was performed in a subtree hidden by content-visibility. @ :3393
[     628ms] [VERBOSE] Rendering was performed in a subtree hidden by content-visibility. @ :3393
[     628ms] [VERBOSE] Rendering was performed in a subtree hidden by content-visibility. @ :3393
[     628ms] [VERBOSE] Rendering was performed in a subtree hidden by content-visibility. @ :3393
[     629ms] [VERBOSE] Rendering was performed in a subtree hidden by content-visibility. @ :3393
[     629ms] [VERBOSE] Rendering was performed in a subtree hidden by content-visibility. @ :3393
[     629ms] [VERBOSE] Rendering was performed in a subtree hidden by content-visibility. @ :3393
[     629ms] [VERBOSE] Rendering was performed in a subtree hidden by content-visibility. @ :3393
[     629ms] [VERBOSE] Rendering was performed in a subtree hidden by content-visibility. @ :3393
[     629ms] [VERBOSE] Rendering was performed in a subtree hidden by content-visibility. @ :3393
[     629ms] [VERBOSE] Rendering was performed in a subtree hidden by content-visibility. @ :3393
[     630ms] [VERBOSE] Rendering was performed in a subtree hidden by content-visibility. @ :3393
[     630ms] [VERBOSE] Rendering was performed in a subtree hidden by content-visibility. @ :3393
[     631ms] [VERBOSE] Rendering was performed in a subtree hidden by content-visibility. @ :3393
[     631ms] [VERBOSE] Rendering was performed in a subtree hidden by content-visibility. @ :3393
[     631ms] [VERBOSE] Rendering was performed in a subtree hidden by content-visibility. @ :3393
[     631ms] [VERBOSE] Rendering was performed in a subtree hidden by content-visibility. @ :3393
[     631ms] [VERBOSE] Rendering was performed in a subtree hidden by content-visibility. @ :3393
[     631ms] [VERBOSE] Rendering was performed in a subtree hidden by content-visibility. @ :3393
[     632ms] [VERBOSE] Rendering was performed in a subtree hidden by content-visibility. @ :3393
[     632ms] [VERBOSE] Rendering was performed in a subtree hidden by content-visibility. @ :3393
[     633ms] [VERBOSE] Rendering was performed in a subtree hidden by content-visibility. @ :3393
[     633ms] [VERBOSE] Rendering was performed in a subtree hidden by content-visibility. @ :3393
[     634ms] [VERBOSE] Rendering was performed in a subtree hidden by content-visibility. @ :3393
[     634ms] [VERBOSE] Rendering was performed in a subtree hidden by content-visibility. @ :3393
[     635ms] [VERBOSE] Rendering was performed in a subtree hidden by content-visibility. @ :3393
[     635ms] [VERBOSE] Rendering was performed in a subtree hidden by content-visibility. @ :3393
[     635ms] [VERBOSE] Rendering was performed in a subtree hidden by content-visibility. @ :3393
[     636ms] [VERBOSE] Rendering was performed in a subtree hidden by content-visibility. @ :3393
[     636ms] [VERBOSE] Rendering was performed in a subtree hidden by content-visibility. @ :3393
[     636ms] [VERBOSE] Rendering was performed in a subtree hidden by content-visibility. @ :3393
[     636ms] [VERBOSE] Rendering was performed in a subtree hidden by content-visibility. @ :3393
[     636ms] [VERBOSE] Rendering was performed in a subtree hidden by content-visibility. @ :3393
[     637ms] [VERBOSE] Rendering was performed in a subtree hidden by content-visibility. @ :3393
[     637ms] [VERBOSE] Rendering was performed in a subtree hidden by content-visibility. @ :3393
[     637ms] [VERBOSE] Rendering was performed in a subtree hidden by content-visibility. @ :3393
[     637ms] [VERBOSE] Rendering was performed in a subtree hidden by content-visibility. @ :3393
[     638ms] [VERBOSE] Rendering was performed in a subtree hidden by content-visibility. @ :3393
[     638ms] [VERBOSE] Rendering was performed in a subtree hidden by content-visibility. @ :3393
[     638ms] [VERBOSE] Rendering was performed in a subtree hidden by content-visibility. @ :3393
[     638ms] [VERBOSE] Rendering was performed in a subtree hidden by content-visibility. @ :3393
[     639ms] [VERBOSE] Rendering was performed in a subtree hidden by content-visibility. @ :3393
[     639ms] [VERBOSE] Rendering was performed in a subtree hidden by content-visibility. @ :3393
[     639ms] [VERBOSE] Rendering was performed in a subtree hidden by content-visibility. @ :3393
[     639ms] [VERBOSE] Rendering was performed in a subtree hidden by content-visibility. @ :3393
[     639ms] [VERBOSE] Rendering was performed in a subtree hidden by content-visibility. @ :3393
[     639ms] [VERBOSE] Rendering was performed in a subtree hidden by content-visibility. @ :3393
[     640ms] [VERBOSE] Rendering was performed in a subtree hidden by content-visibility. @ :3393
[     640ms] [VERBOSE] Rendering was performed in a subtree hidden by content-visibility. @ :3393
[     640ms] [VERBOSE] Rendering was performed in a subtree hidden by content-visibility. @ :3393
[     640ms] [VERBOSE] Rendering was performed in a subtree hidden by content-visibility. @ :3393
[     640ms] [VERBOSE] Rendering was performed in a subtree hidden by content-visibility. @ :3393
[     640ms] [VERBOSE] Rendering was performed in a subtree hidden by content-visibility. @ :3393
[     641ms] [VERBOSE] Rendering was performed in a subtree hidden by content-visibility. @ :3393
[     641ms] [VERBOSE] Rendering was performed in a subtree hidden by content-visibility. @ :3393
[     641ms] [VERBOSE] Rendering was performed in a subtree hidden by content-visibility. @ :3393
[     641ms] [VERBOSE] Rendering was performed in a subtree hidden by content-visibility. @ :3393
[     641ms] [VERBOSE] Rendering was performed in a subtree hidden by content-visibility. @ :3393
[     641ms] [VERBOSE] Rendering was performed in a subtree hidden by content-visibility. @ :3393
[     642ms] [VERBOSE] Rendering was performed in a subtree hidden by content-visibility. @ :3393
[     642ms] [VERBOSE] Rendering was performed in a subtree hidden by content-visibility. @ :3393
[     642ms] [VERBOSE] Rendering was performed in a subtree hidden by content-visibility. @ :3393
[     642ms] [VERBOSE] Rendering was performed in a subtree hidden by content-visibility. @ :3393
[     648ms] [VERBOSE] Rendering was performed in a subtree hidden by content-visibility. @ http://localhost:8934/slide.html:549
[     648ms] [VERBOSE] Rendering was performed in a subtree hidden by content-visibility. @ http://localhost:8934/slide.html:549
[     648ms] [VERBOSE] Rendering was performed in a subtree hidden by content-visibility. @ http://localhost:8934/slide.html:549
[     651ms] [VERBOSE] Rendering was performed in a subtree hidden by content-visibility. @ http://localhost:8934/slide.html:549
[     652ms] [VERBOSE] Rendering was performed in a subtree hidden by content-visibility. @ http://localhost:8934/slide.html:549
[     652ms] [VERBOSE] Rendering was performed in a subtree hidden by content-visibility. @ http://localhost:8934/slide.html:549
[     668ms] [VERBOSE] Rendering was performed in a subtree hidden by content-visibility. @ http://localhost:8934/slide.html:549
[     669ms] [VERBOSE] Rendering was performed in a subtree hidden by content-visibility. @ http://localhost:8934/slide.html:549
[     669ms] [VERBOSE] Rendering was performed in a subtree hidden by content-visibility. @ http://localhost:8934/slide.html:549
[    2502ms] [VERBOSE] Rendering was performed in a subtree hidden by content-visibility. @ http://localhost:8934/slide.html:549
[    2507ms] [VERBOSE] Rendering was performed in a subtree hidden by content-visibility. @ http://localhost:8934/slide.html:549
[    2507ms] [VERBOSE] Rendering was performed in a subtree hidden by content-visibility. @ http://localhost:8934/slide.html:549
[    2518ms] [VERBOSE] Rendering was performed in a subtree hidden by content-visibility. @ http://localhost:8934/slide.html:549
[    2535ms] [VERBOSE] Rendering was performed in a subtree hidden by content-visibility. @ http://localhost:8934/slide.html:549
[    2551ms] [VERBOSE] Rendering was performed in a subtree hidden by content-visibility. @ http://localhost:8934/slide.html:549
[    2568ms] [VERBOSE] Rendering was performed in a subtree hidden by content-visibility. @ http://localhost:8934/slide.html:549
[    2585ms] [VERBOSE] Rendering was performed in a subtree hidden by content-visibility. @ http://localhost:8934/slide.html:549
[    2602ms] [VERBOSE] Rendering was performed in a subtree hidden by content-visibility. @ http://localhost:8934/slide.html:549
[    2618ms] [VERBOSE] Rendering was performed in a subtree hidden by content-visibility. @ http://localhost:8934/slide.html:549
[    2635ms] [VERBOSE] Rendering was performed in a subtree hidden by content-visibility. @ http://localhost:8934/slide.html:549
[    2652ms] [VERBOSE] Rendering was performed in a subtree hidden by content-visibility. @ http://localhost:8934/slide.html:549
[    2668ms] [VERBOSE] Rendering was performed in a subtree hidden by content-visibility. @ http://localhost:8934/slide.html:549
[    2684ms] [VERBOSE] Rendering was performed in a subtree hidden by content-visibility. @ http://localhost:8934/slide.html:549
[    2702ms] [VERBOSE] Rendering was performed in a subtree hidden by content-visibility. @ http://localhost:8934/slide.html:549
[    3423ms] [VERBOSE] Rendering was performed in a subtree hidden by content-visibility. @ http://localhost:8934/slide.html:549
[    3425ms] [VERBOSE] Rendering was performed in a subtree hidden by content-visibility. @ http://localhost:8934/slide.html:549
[    3425ms] [VERBOSE] Rendering was performed in a subtree hidden by content-visibility. @ http://localhost:8934/slide.html:549
[    3435ms] [VERBOSE] Rendering was performed in a subtree hidden by content-visibility. @ http://localhost:8934/slide.html:549
[    3451ms] [VERBOSE] Rendering was performed in a subtree hidden by content-visibility. @ http://localhost:8934/slide.html:549
[    3469ms] [VERBOSE] Rendering was performed in a subtree hidden by content-visibility. @ http://localhost:8934/slide.html:549
[    3485ms] [VERBOSE] Rendering was performed in a subtree hidden by content-visibility. @ http://localhost:8934/slide.html:549
[    3502ms] [VERBOSE] Rendering was performed in a subtree hidden by content-visibility. @ http://localhost:8934/slide.html:549
[    3518ms] [VERBOSE] Rendering was performed in a subtree hidden by content-visibility. @ http://localhost:8934/slide.html:549
[    3535ms] [VERBOSE] Rendering was performed in a subtree hidden by content-visibility. @ http://localhost:8934/slide.html:549
[    3552ms] [VERBOSE] Rendering was performed in a subtree hidden by content-visibility. @ http://localhost:8934/slide.html:549
[    3568ms] [VERBOSE] Rendering was performed in a subtree hidden by content-visibility. @ http://localhost:8934/slide.html:549
[    3585ms] [VERBOSE] Rendering was performed in a subtree hidden by content-visibility. @ http://localhost:8934/slide.html:549
[    3602ms] [VERBOSE] Rendering was performed in a subtree hidden by content-visibility. @ http://localhost:8934/slide.html:549
[    3618ms] [VERBOSE] Rendering was performed in a subtree hidden by content-visibility. @ http://localhost:8934/slide.html:549
[    4085ms] [VERBOSE] Rendering was performed in a subtree hidden by content-visibility. @ http://localhost:8934/slide.html:549
[    4785ms] [VERBOSE] Rendering was performed in a subtree hidden by content-visibility. @ http://localhost:8934/slide.html:549
[    4790ms] [VERBOSE] Rendering was performed in a subtree hidden by content-visibility. @ http://localhost:8934/slide.html:549
[    4790ms] [VERBOSE] Rendering was performed in a subtree hidden by content-visibility. @ http://localhost:8934/slide.html:549
[    4821ms] [VERBOSE] Rendering was performed in a subtree hidden by content-visibility. @ http://localhost:8934/slide.html:549
[    5163ms] [VERBOSE] Rendering was performed in a subtree hidden by content-visibility. @ http://localhost:8934/slide.html:549
[    5167ms] [VERBOSE] Rendering was performed in a subtree hidden by content-visibility. @ http://localhost:8934/slide.html:549
[    5184ms] [VERBOSE] Rendering was performed in a subtree hidden by content-visibility. @ http://localhost:8934/slide.html:549
[    5389ms] [VERBOSE] Rendering was performed in a subtree hidden by content-visibility. @ http://localhost:8934/slide.html:549
[    5401ms] [VERBOSE] Rendering was performed in a subtree hidden by content-visibility. @ http://localhost:8934/slide.html:549
[    5420ms] [VERBOSE] Rendering was performed in a subtree hidden by content-visibility. @ http://localhost:8934/slide.html:549
[    5420ms] [VERBOSE] Rendering was performed in a subtree hidden by content-visibility. @ http://localhost:8934/slide.html:549
[    7168ms] [VERBOSE] Rendering was performed in a subtree hidden by content-visibility. @ http://localhost:8934/slide.html:549
[    7170ms] [VERBOSE] Rendering was performed in a subtree hidden by content-visibility. @ http://localhost:8934/slide.html:549
[    7171ms] [VERBOSE] Rendering was performed in a subtree hidden by content-visibility. @ http://localhost:8934/slide.html:549
[    7185ms] [VERBOSE] Rendering was performed in a subtree hidden by content-visibility. @ http://localhost:8934/slide.html:549
[    7201ms] [VERBOSE] Rendering was performed in a subtree hidden by content-visibility. @ http://localhost:8934/slide.html:549
[    7218ms] [VERBOSE] Rendering was performed in a subtree hidden by content-visibility. @ http://localhost:8934/slide.html:549
[    7235ms] [VERBOSE] Rendering was performed in a subtree hidden by content-visibility. @ http://localhost:8934/slide.html:549
[    7251ms] [VERBOSE] Rendering was performed in a subtree hidden by content-visibility. @ http://localhost:8934/slide.html:549
[    7268ms] [VERBOSE] Rendering was performed in a subtree hidden by content-visibility. @ http://localhost:8934/slide.html:549
[    7285ms] [VERBOSE] Rendering was performed in a subtree hidden by content-visibility. @ http://localhost:8934/slide.html:549
[    7301ms] [VERBOSE] Rendering was performed in a subtree hidden by content-visibility. @ http://localhost:8934/slide.html:549
[    7318ms] [VERBOSE] Rendering was performed in a subtree hidden by content-visibility. @ http://localhost:8934/slide.html:549
[    7334ms] [VERBOSE] Rendering was performed in a subtree hidden by content-visibility. @ http://localhost:8934/slide.html:549
[    7351ms] [VERBOSE] Rendering was performed in a subtree hidden by content-visibility. @ http://localhost:8934/slide.html:549
[    7368ms] [VERBOSE] Rendering was performed in a subtree hidden by content-visibility. @ http://localhost:8934/slide.html:549
[    8102ms] [VERBOSE] Rendering was performed in a subtree hidden by content-visibility. @ http://localhost:8934/slide.html:549
[    8402ms] [VERBOSE] Rendering was performed in a subtree hidden by content-visibility. @ http://localhost:8934/slide.html:549
[    8435ms] [VERBOSE] Rendering was performed in a subtree hidden by content-visibility. @ http://localhost:8934/slide.html:549
[    8436ms] [VERBOSE] Rendering was performed in a subtree hidden by content-visibility. @ http://localhost:8934/slide.html:549
[    8436ms] [VERBOSE] Rendering was performed in a subtree hidden by content-visibility. @ http://localhost:8934/slide.html:549
[    8451ms] [VERBOSE] Rendering was performed in a subtree hidden by content-visibility. @ http://localhost:8934/slide.html:549
[    8468ms] [VERBOSE] Rendering was performed in a subtree hidden by content-visibility. @ http://localhost:8934/slide.html:549
[    8485ms] [VERBOSE] Rendering was performed in a subtree hidden by content-visibility. @ http://localhost:8934/slide.html:549
[    8501ms] [VERBOSE] Rendering was performed in a subtree hidden by content-visibility. @ http://localhost:8934/slide.html:549
[    8518ms] [VERBOSE] Rendering was performed in a subtree hidden by content-visibility. @ http://localhost:8934/slide.html:549
[    8535ms] [VERBOSE] Rendering was performed in a subtree hidden by content-visibility. @ http://localhost:8934/slide.html:549
[    8551ms] [VERBOSE] Rendering was performed in a subtree hidden by content-visibility. @ http://localhost:8934/slide.html:549
[    8568ms] [VERBOSE] Rendering was performed in a subtree hidden by content-visibility. @ http://localhost:8934/slide.html:549
[    8585ms] [VERBOSE] Rendering was performed in a subtree hidden by content-visibility. @ http://localhost:8934/slide.html:549
[    8601ms] [VERBOSE] Rendering was performed in a subtree hidden by content-visibility. @ http://localhost:8934/slide.html:549
[    8618ms] [VERBOSE] Rendering was performed in a subtree hidden by content-visibility. @ http://localhost:8934/slide.html:549
[    8635ms] [VERBOSE] Rendering was performed in a subtree hidden by content-visibility. @ http://localhost:8934/slide.html:549
[   10452ms] [VERBOSE] Rendering was performed in a subtree hidden by content-visibility. @ http://localhost:8934/slide.html:549
[   10455ms] [VERBOSE] Rendering was performed in a subtree hidden by content-visibility. @ http://localhost:8934/slide.html:549
[   10456ms] [VERBOSE] Rendering was performed in a subtree hidden by content-visibility. @ http://localhost:8934/slide.html:549
[   10468ms] [VERBOSE] Rendering was performed in a subtree hidden by content-visibility. @ http://localhost:8934/slide.html:549
[   10485ms] [VERBOSE] Rendering was performed in a subtree hidden by content-visibility. @ http://localhost:8934/slide.html:549
[   10501ms] [VERBOSE] Rendering was performed in a subtree hidden by content-visibility. @ http://localhost:8934/slide.html:549
[   10518ms] [VERBOSE] Rendering was performed in a subtree hidden by content-visibility. @ http://localhost:8934/slide.html:549
[   10535ms] [VERBOSE] Rendering was performed in a subtree hidden by content-visibility. @ http://localhost:8934/slide.html:549
[   10551ms] [VERBOSE] Rendering was performed in a subtree hidden by content-visibility. @ http://localhost:8934/slide.html:549
[   10568ms] [VERBOSE] Rendering was performed in a subtree hidden by content-visibility. @ http://localhost:8934/slide.html:549
[   10585ms] [VERBOSE] Rendering was performed in a subtree hidden by content-visibility. @ http://localhost:8934/slide.html:549
[   10602ms] [VERBOSE] Rendering was performed in a subtree hidden by content-visibility. @ http://localhost:8934/slide.html:549
[   10618ms] [VERBOSE] Rendering was performed in a subtree hidden by content-visibility. @ http://localhost:8934/slide.html:549
[   10635ms] [VERBOSE] Rendering was performed in a subtree hidden by content-visibility. @ http://localhost:8934/slide.html:549
[   10651ms] [VERBOSE] Rendering was performed in a subtree hidden by content-visibility. @ http://localhost:8934/slide.html:549
[   10668ms] [VERBOSE] Rendering was performed in a subtree hidden by content-visibility. @ http://localhost:8934/slide.html:549
[   20453ms] [VERBOSE] Rendering was performed in a subtree hidden by content-visibility. @ http://localhost:8934/slide.html:549
[   22707ms] [VERBOSE] Rendering was performed in a subtree hidden by content-visibility. @ http://localhost:8934/slide.html:549
[   22711ms] [VERBOSE] Rendering was performed in a subtree hidden by content-visibility. @ http://localhost:8934/slide.html:549
[   22712ms] [VERBOSE] Rendering was performed in a subtree hidden by content-visibility. @ http://localhost:8934/slide.html:549
[   22735ms] [VERBOSE] Rendering was performed in a subtree hidden by content-visibility. @ http://localhost:8934/slide.html:549
[   22751ms] [VERBOSE] Rendering was performed in a subtree hidden by content-visibility. @ http://localhost:8934/slide.html:549
[   22768ms] [VERBOSE] Rendering was performed in a subtree hidden by content-visibility. @ http://localhost:8934/slide.html:549
[   22785ms] [VERBOSE] Rendering was performed in a subtree hidden by content-visibility. @ http://localhost:8934/slide.html:549
[   22802ms] [VERBOSE] Rendering was performed in a subtree hidden by content-visibility. @ http://localhost:8934/slide.html:549
[   22817ms] [VERBOSE] Rendering was performed in a subtree hidden by content-visibility. @ http://localhost:8934/slide.html:549
[   22835ms] [VERBOSE] Rendering was performed in a subtree hidden by content-visibility. @ http://localhost:8934/slide.html:549
[   22851ms] [VERBOSE] Rendering was performed in a subtree hidden by content-visibility. @ http://localhost:8934/slide.html:549
[   22868ms] [VERBOSE] Rendering was performed in a subtree hidden by content-visibility. @ http://localhost:8934/slide.html:549
[   22885ms] [VERBOSE] Rendering was performed in a subtree hidden by content-visibility. @ http://localhost:8934/slide.html:549
[   22901ms] [VERBOSE] Rendering was performed in a subtree hidden by content-visibility. @ http://localhost:8934/slide.html:549
[   22918ms] [VERBOSE] Rendering was performed in a subtree hidden by content-visibility. @ http://localhost:8934/slide.html:549
[   26101ms] [VERBOSE] Rendering was performed in a subtree hidden by content-visibility. @ http://localhost:8934/slide.html:549
[   26103ms] [VERBOSE] Rendering was performed in a subtree hidden by content-visibility. @ http://localhost:8934/slide.html:549
[   26103ms] [VERBOSE] Rendering was performed in a subtree hidden by content-visibility. @ http://localhost:8934/slide.html:549
[   26118ms] [VERBOSE] Rendering was performed in a subtree hidden by content-visibility. @ http://localhost:8934/slide.html:549
[   26135ms] [VERBOSE] Rendering was performed in a subtree hidden by content-visibility. @ http://localhost:8934/slide.html:549
[   26151ms] [VERBOSE] Rendering was performed in a subtree hidden by content-visibility. @ http://localhost:8934/slide.html:549
[   26168ms] [VERBOSE] Rendering was performed in a subtree hidden by content-visibility. @ http://localhost:8934/slide.html:549
[   26185ms] [VERBOSE] Rendering was performed in a subtree hidden by content-visibility. @ http://localhost:8934/slide.html:549
[   26201ms] [VERBOSE] Rendering was performed in a subtree hidden by content-visibility. @ http://localhost:8934/slide.html:549
[   26218ms] [VERBOSE] Rendering was performed in a subtree hidden by content-visibility. @ http://localhost:8934/slide.html:549
[   26235ms] [VERBOSE] Rendering was performed in a subtree hidden by content-visibility. @ http://localhost:8934/slide.html:549
[   26251ms] [VERBOSE] Rendering was performed in a subtree hidden by content-visibility. @ http://localhost:8934/slide.html:549
[   26268ms] [VERBOSE] Rendering was performed in a subtree hidden by content-visibility. @ http://localhost:8934/slide.html:549
[   26285ms] [VERBOSE] Rendering was performed in a subtree hidden by content-visibility. @ http://localhost:8934/slide.html:549
[   26301ms] [VERBOSE] Rendering was performed in a subtree hidden by content-visibility. @ http://localhost:8934/slide.html:549
[   40219ms] [VERBOSE] Rendering was performed in a subtree hidden by content-visibility. @ http://localhost:8934/slide.html:549
[   40220ms] [VERBOSE] Rendering was performed in a subtree hidden by content-visibility. @ http://localhost:8934/slide.html:549
[   40220ms] [VERBOSE] Rendering was performed in a subtree hidden by content-visibility. @ http://localhost:8934/slide.html:549
[   40235ms] [VERBOSE] Rendering was performed in a subtree hidden by content-visibility. @ http://localhost:8934/slide.html:549
[   40252ms] [VERBOSE] Rendering was performed in a subtree hidden by content-visibility. @ http://localhost:8934/slide.html:549
[   40267ms] [VERBOSE] Rendering was performed in a subtree hidden by content-visibility. @ http://localhost:8934/slide.html:549
[   40285ms] [VERBOSE] Rendering was performed in a subtree hidden by content-visibility. @ http://localhost:8934/slide.html:549
[   40301ms] [VERBOSE] Rendering was performed in a subtree hidden by content-visibility. @ http://localhost:8934/slide.html:549
[   40318ms] [VERBOSE] Rendering was performed in a subtree hidden by content-visibility. @ http://localhost:8934/slide.html:549
[   40335ms] [VERBOSE] Rendering was performed in a subtree hidden by content-visibility. @ http://localhost:8934/slide.html:549
[   40351ms] [VERBOSE] Rendering was performed in a subtree hidden by content-visibility. @ http://localhost:8934/slide.html:549
[   40368ms] [VERBOSE] Rendering was performed in a subtree hidden by content-visibility. @ http://localhost:8934/slide.html:549
[   40385ms] [VERBOSE] Rendering was performed in a subtree hidden by content-visibility. @ http://localhost:8934/slide.html:549
[   40401ms] [VERBOSE] Rendering was performed in a subtree hidden by content-visibility. @ http://localhost:8934/slide.html:549
[   40418ms] [VERBOSE] Rendering was performed in a subtree hidden by content-visibility. @ http://localhost:8934/slide.html:549
[   40485ms] [VERBOSE] Rendering was performed in a subtree hidden by content-visibility. @ http://localhost:8934/slide.html:549
[   42485ms] [VERBOSE] Rendering was performed in a subtree hidden by content-visibility. @ http://localhost:8934/slide.html:549
[   42491ms] [VERBOSE] Rendering was performed in a subtree hidden by content-visibility. @ http://localhost:8934/slide.html:549
[   42492ms] [VERBOSE] Rendering was performed in a subtree hidden by content-visibility. @ http://localhost:8934/slide.html:549
[   42500ms] [VERBOSE] Rendering was performed in a subtree hidden by content-visibility. @ http://localhost:8934/slide.html:549
[   42518ms] [VERBOSE] Rendering was performed in a subtree hidden by content-visibility. @ http://localhost:8934/slide.html:549
[   42535ms] [VERBOSE] Rendering was performed in a subtree hidden by content-visibility. @ http://localhost:8934/slide.html:549
[   42551ms] [VERBOSE] Rendering was performed in a subtree hidden by content-visibility. @ http://localhost:8934/slide.html:549
[   42567ms] [VERBOSE] Rendering was performed in a subtree hidden by content-visibility. @ http://localhost:8934/slide.html:549
[   42585ms] [VERBOSE] Rendering was performed in a subtree hidden by content-visibility. @ http://localhost:8934/slide.html:549
[   42601ms] [VERBOSE] Rendering was performed in a subtree hidden by content-visibility. @ http://localhost:8934/slide.html:549
[   42618ms] [VERBOSE] Rendering was performed in a subtree hidden by content-visibility. @ http://localhost:8934/slide.html:549
[   42635ms] [VERBOSE] Rendering was performed in a subtree hidden by content-visibility. @ http://localhost:8934/slide.html:549
[   42650ms] [VERBOSE] Rendering was performed in a subtree hidden by content-visibility. @ http://localhost:8934/slide.html:549
[   42668ms] [VERBOSE] Rendering was performed in a subtree hidden by content-visibility. @ http://localhost:8934/slide.html:549
[   42685ms] [VERBOSE] Rendering was performed in a subtree hidden by content-visibility. @ http://localhost:8934/slide.html:549
[   42701ms] [VERBOSE] Rendering was performed in a subtree hidden by content-visibility. @ http://localhost:8934/slide.html:549
